<?xml version="1.0" encoding="UTF-8"?>
<testsuites name="jest tests" tests="1" failures="0" errors="0" time="21.489">
  <testsuite name="CoursesListComponent" errors="0" failures="0" skipped="0" timestamp="2025-04-23T10:27:04" time="5.848" tests="1">
    <testcase classname="CoursesListComponent should create" name="CoursesListComponent should create" time="0.269">
    </testcase>
  </testsuite>
</testsuites>